[www.daltonstate.edu/index.html]
[backblue.gif]
[fade.gif]
[index.html]
[www.daltonstate.edu/img/favicon.ico]
[www.daltonstate.edu/admin/assets/pkg/bootstrap/css/bootstrap.css]
[www.daltonstate.edu/admin/assets/css/font-awesome.min.css]
[www.daltonstate.edu/css/main43a3.css]
[www.daltonstate.edu/admin/assets/js/vendor/jquery-1.11.0.min.js]
[www.daltonstate.edu/admin/assets/pkg/bootstrap/js/bootstrap.min.js]
[www.daltonstate.edu/admin/assets/js/vendor/jquery.matchHeight-min.js]
[www.daltonstate.edu/js/vendor/fastclick.js]
[www.daltonstate.edu/js/main43a3.js]
[connect.facebook.net/en_US/fbevents.js]
[www.google-analytics.com/analytics.js]
[www.daltonstate.edu/index8ef6.html]
[www.daltonstate.edu/about/departmental-directory.html]
[www.daltonstate.edu/about/calendars.html]
[www.daltonstate.edu/about/about-dalton-overview.html]
[www.daltonstate.edu/about/history.html]
[www.daltonstate.edu/about/mission.html]
[www.daltonstate.edu/about/facts-figures.html]
[www.daltonstate.edu/map/index.html]
[www.daltonstate.edu/about/president.html]
[www.daltonstate.edu/about/roadrunner-spotlight-archive.html]
[www.daltonstate.edu/about/about-strategic-planning.html]
[www.daltonstate.edu/about/acred-overview.html]
[www.daltonstate.edu/about/institutional-welcome.html]
[www.daltonstate.edu/about/news.html]
[www.daltonstate.edu/admissions/fall-preview-day.html]
[www.daltonstate.edu/admissions/admissions_home.html]
[www.daltonstate.edu/admissions/requirements-overview.html]
[www.daltonstate.edu/admissions/application.html]
[www.daltonstate.edu/about/campus-tour.html]
[www.daltonstate.edu/admissions/check_my_admissions_status.html]
[www.daltonstate.edu/admissions/contact.html]
[www.daltonstate.edu/admissions/office-of-financial-aid.html]
[www.daltonstate.edu/admissions/forms.html]
[www.daltonstate.edu/admissions/important-dates.html]
[www.daltonstate.edu/admissions/accepted.html]
[www.daltonstate.edu/academics/majors-and-programs.html]
[www.daltonstate.edu/admissions/admissions_team.html]
[www.daltonstate.edu/admissions/orientation-overview.html]
[www.daltonstate.edu/admissions/scholarships-overview.html]
[www.daltonstate.edu/campus_life/testing-center-overview.html]
[www.daltonstate.edu/admissions/tuition-and-fees-overview.html]
[www.daltonstate.edu/admissions/why-dalton-state.html]
[www.daltonstate.edu/academics/aa-overview.html]
[www.daltonstate.edu/academics/advising.html]
[www.daltonstate.edu/academics/classes.html]
[www.daltonstate.edu/academics/final-exams.html]
[www.daltonstate.edu/academics/gilmer-campus.html]
[www.daltonstate.edu/academics/honors-program.html]
[www.daltonstate.edu/academics/cie-overview.html]
[www.daltonstate.edu/academics/online-education-overview.html]
[www.daltonstate.edu/academics/mission.html]
[www.daltonstate.edu/academics/academics-schools-overview.html]
[www.daltonstate.edu/academics/getting-started.html]
[www.daltonstate.edu/academics/transcripts.html]
[www.daltonstate.edu/library/about-roberts-library.html]
[www.daltonstate.edu/library/gil-express-and-interlibrary-loans.html]
[www.daltonstate.edu/library/how-do-i.html]
[www.daltonstate.edu/library/research-help.html]
[www.daltonstate.edu/library/resources-for.html]
[www.daltonstate.edu/campus_life/dean-of-students-welcome.html]
[www.daltonstate.edu/campus_life/campus-rec-welcome.html]
[www.daltonstate.edu/campus_life/residential-life-welcome.html]
[www.daltonstate.edu/campus_life/campus-services-welcome.html]
[www.daltonstate.edu/resources_for/current-roadrunners.html]
[www.daltonstate.edu/campus_life/the-beep.html]
[www.daltonstate.edu/resources_for/future-roadrunners.html]
[www.daltonstate.edu/resources_for/adult-learners.html]
[www.daltonstate.edu/resources_for/summer-camp.html]
[www.daltonstate.edu/resources_for/veterans.html]
[www.daltonstate.edu/admissions/move-on-when-ready.html]
[www.daltonstate.edu/resources_for/alumni.html]
[www.daltonstate.edu/resources_for/faculty-and-staff.html]
[www.daltonstate.edu/resources_for/parents-and-guardians.html]
[www.daltonstate.edu/resources_for/community.html]
[www.daltonstate.edu/about/title-ix.html]
[www.daltonstate.edu/resources_for/employment.html]
[www.daltonstate.edu/resources_for/bienvenido.html]
[www.daltonstate.edu/welcome.html]
[www.daltonstate.edu/img/dalton-state-college-logo.png]
[www.daltonstate.edu/img/rotator/fall preview day rotator.jpg]
[www.daltonstate.edu/img/rotator/7rotator.jpg]
[www.daltonstate.edu/about/news.cms/2022/636/dalton-state-ranked-in-top-10-best-public-colleges-in-georgia.html]
[www.daltonstate.edu/img/rotator/GCSU rotator.png]
[www.daltonstate.edu/img/rotator/Rotator2.jpg]
[www.daltonstate.edu/about/news.cms/2022/645/dalton-state--georgia-college-and-state-university-agreement-improves-path-to-graduate-programs-in-business.6b.dela]
[www.daltonstate.edu/about/news.cms/2022/647/dalton-state-ranked-among-top-10--most-affordable-public-four-year-colleges-in-the-nation-.html]
[www.daltonstate.edu/img/rotator/Collison Hammontree rotator.jpg]
[www.daltonstate.edu/about/news.cms/2022/648/dalton-state-names-endowed-scholarships-for-late-professors-collison-and-hammontree-.html]
[www.daltonstate.edu/img/rotator/Rotator4.jpg]
[www.daltonstate.edu/about/news.cms/2022/650/dalton-state-a--positive-economic-impact-for-the-region-.html]
[www.daltonstate.edu/img/rotator/LAA Framed rotator new.jpg]
[www.daltonstate.edu/about/news.cms/2022/651/laa-mohawk-scholarship--supports-students-on-their-path-to-graduation-.html]
[www.daltonstate.edu/img/rotator/Retirement rotator.jpg]
[www.daltonstate.edu/about/news.cms/2022/653/president-venable-announces-retirement-from-dalton-state.html]
[www.daltonstate.edu/skins/userfiles/images/courtney bunch 2.jpg]
[www.daltonstate.edu/about/spotlight-cortnee-bunch.html]
[www.daltonstate.edu/campus_life/coronavirus-update.html]
[www.daltonstate.edu/skins/userfiles/images/become-a-roadrunner.png]
[www.daltonstate.edu/skins/userfiles/files/COVID-19 Self screen 070121.pdf]
[www.daltonstate.edu/about/news.cms/2022/655/wsob-hosts-economic-roundtable.html]
[www.daltonstate.edu/img/news/Economic roundtable thumbnail.jpg]
[www.daltonstate.edu/about/news.cms/2022/654/dalton-state-presents--dashing-through-the-snow-.html]
[www.daltonstate.edu/img/news/Dashing through the  thumbnail 2.jpg]
[www.daltonstate.edu/img/news/new_venable-headshot thumbnail.jpg]
[www.daltonstate.edu/about/news.cms/2022/652/accounting-bootcamp-prepares-students-for-success.html]
[www.daltonstate.edu/img/news/new_Accoutning Bootcamp thumbnail.jpg]
[www.daltonstate.edu/about/calendar.html]
[www.daltonstate.edu/about/calendar2be6.html]
[www.daltonstate.edu/about/calendar6a83.html]
[www.daltonstate.edu/about/calendar90e5.html]
[www.daltonstate.edu/about/calendarb88e.html]
[www.daltonstate.edu/img/campus-map.jpg]
[connect.facebook.net/en_US/sdk.js]
[www.daltonstate.edu/site-map.html]
[www.daltonstate.edu/about/privacy-policy.html]
[www.daltonstate.edu/index8ef6-2.html]
[cdn.conveythis.com/javascript/60/conveythis.js]
[cdn.conveythis.com/javascript/60/translate.js]
[www.daltonstate.edu/index.html]
[www.googletagmanager.com/gtm5445.html]
[www.daltonstate.edu/admin/assets/pkg/bootstrap/fonts/glyphicons-halflings-regular.eot]
[www.daltonstate.edu/admin/assets/pkg/bootstrap/fonts/glyphicons-halflings-regulard41d.eot]
[www.daltonstate.edu/admin/assets/pkg/bootstrap/fonts/glyphicons-halflings-regular.woff2]
[www.daltonstate.edu/admin/assets/pkg/bootstrap/fonts/glyphicons-halflings-regular.woff]
[www.daltonstate.edu/admin/assets/pkg/bootstrap/fonts/glyphicons-halflings-regular.ttf]
[www.daltonstate.edu/admin/assets/pkg/bootstrap/css/bootstrap.css]
[www.daltonstate.edu/admin/assets/css/fonts/fontawesome-webfont5b62.eot]
[www.daltonstate.edu/admin/assets/css/fonts/fontawesome-webfontd41d.eot]
[www.daltonstate.edu/admin/assets/css/fonts/fontawesome-webfont5b62.woff2]
[www.daltonstate.edu/admin/assets/css/fonts/fontawesome-webfont5b62.woff]
[www.daltonstate.edu/admin/assets/css/fonts/fontawesome-webfont5b62.ttf]
[www.daltonstate.edu/admin/assets/css/font-awesome.min.css]
[www.daltonstate.edu/img/bkground-header-wrapper.png]
[www.daltonstate.edu/img/dropdown-about.jpg]
[www.daltonstate.edu/img/dropdown-admissions.jpg]
[www.daltonstate.edu/img/dropdown-academics.jpg]
[www.daltonstate.edu/img/dropdown-library.jpg]
[www.daltonstate.edu/img/dropdown-campuslife.jpg]
[www.daltonstate.edu/img/bkground-about.jpg]
[www.daltonstate.edu/img/bkground-black-50.png]
[www.daltonstate.edu/img/bkground-logo-muted.gif]
[www.daltonstate.edu/css/main43a3.css]
[connect.facebook.net/en_US/fbevents.js]
[www.daltonstate.edu/indexe099.html]
[www.daltonstate.edu/admin/error-access.html]
[www.daltonstate.edu/guide-to-giving.html]
[www.daltonstate.edu/about-us.html]
[www.daltonstate.edu/financials.html]
[www.daltonstate.edu/giving-day.html]
[www.daltonstate.edu/indexa450.html]
[www.daltonstate.edu/index7e56.html]
[www.daltonstate.edu/index12e8.html]
[www.daltonstate.edu/index92ad.html]
[www.daltonstate.edu/indexf45b.html]
[www.daltonstate.edu/index7866.html]
[www.daltonstate.edu/index8ef6.html]
[www.daltonstate.edu/about/departmental-directorye099.html]
[www.daltonstate.edu/about/campus-directory.html]
[www.daltonstate.edu/academics/allied-health-overview.html]
[www.daltonstate.edu/campus_life/bookstore.html]
[www.daltonstate.edu/about/bursar-overview.html]
[www.daltonstate.edu/academics/department-of-communication.html]
[www.daltonstate.edu/campus_life/career-mission.html]
[www.daltonstate.edu/campus_life/counseling-mission.html]
[www.daltonstate.edu/about/customer-service.html]
[www.daltonstate.edu/academics/department-of-english.html]
[www.daltonstate.edu/about/enrollment-services.html]
[www.daltonstate.edu/about/safety-risk-management.html]
[www.daltonstate.edu/404ac62.html]
[www.daltonstate.edu/campus_life/dining-overview.html]
[www.daltonstate.edu/academics/department-of-history.html]
[www.daltonstate.edu/about/mission-purpose.html]
[www.daltonstate.edu/about/learning-support.html]
[www.daltonstate.edu/academics/life-sciences-overview.html]
[www.daltonstate.edu/about/marketing-communication.html]
[www.daltonstate.edu/academics/department-of-nursing.html]
[www.daltonstate.edu/about/about-ocis.html]
[www.daltonstate.edu/academics/physical-sciences-overview.html]
[www.daltonstate.edu/about/administration.html]
[www.daltonstate.edu/about/safety-overview.html]
[www.daltonstate.edu/about/purchasing-overview.html]
[www.daltonstate.edu/academics/radiologic-technology.html]
[www.daltonstate.edu/campus_life/learning-outcomes.html]
[www.daltonstate.edu/academics/respiratory-therapy.html]
[www.daltonstate.edu/campus_life/roadrunner-card.html]
[www.daltonstate.edu/academics/science-tech-math-overview.html]
[www.daltonstate.edu/academics/ed-overview.html]
[www.daltonstate.edu/academics/health-profession-overview.html]
[www.daltonstate.edu/academics/department-of-social-sciences.html]
[www.daltonstate.edu/campus_life/student-health-services.html]
[www.daltonstate.edu/campus_life/student-life-welcome.html]
